     FSALES   IP F       80            DISK
     FPRTOUT  OF F      132            PRINTER
     ISALES       AA
     I                                        1   50QTY
     OPRTOUT  H  2    1P
     O       OR       OA
     O                                 5    'QUANTITY'
     OPRTOUT  D  1    N1P
     O                         QTY   K 5
