     FINDATA  IP  F    80              DISK
     FPRTOUT  O   F    132             PRINTER
     IINDATA      AA
     I                                     1   2   0CUSTNO
     OPRTOUT  H  206  1P
     O       OR       OA
     O                         UDATE   8
     O                N1P      CUSTNO  68
     O                                 127  'PAGE'
     O                         PAGE    132
     OPRTOUT  D  1
     O                         N01       10
